// 重构日志: 5543915d
// 重构日志: 39c6285d
// 重构日志: a39efb57
// 重构日志: e014d398
// 重构日志: 54be220c
// 重构日志: c70cd552
// 重构日志: 4dbb51b9
// 重构日志: a08ae0cd
// 重构日志: 469c3700
// 重构日志: 09d0f346
// 重构日志: 5e88bf33
// 重构日志: 6b1fff7f
// 同步 ID: a88c1d0f @ Sun Jul 26 23:38:12 UTC 2026
// 同步 ID: 44974a9f @ Mon Jul 27 00:52:53 UTC 2026
// 重构日志: 54d32b41
// 重构日志: 06a72493
// 重构日志: 0536661f
// 重构日志: e2a810a9
// 重构日志: d9506a4d
// 重构日志: 6a802595
// 重构日志: 6ad34fa4
// 重构日志: a018a5c9
// 重构日志: 13fd61c2
// 重构日志: 0b55bccc
// 同步 ID: 2fa5b796 @ Fri Jul 31 17:54:26 UTC 2026
// 同步 ID: 3548d5c4 @ Sat Aug  1 14:24:48 UTC 2026
// 同步 ID: a93dfa67 @ Sun Aug  2 12:14:22 UTC 2026
// 重构日志: ab9355b3
// 重构日志: 90d27118
// 同步 ID: f2a60cc3 @ Tue Aug  4 19:56:14 UTC 2026
